// Jest Snapshot v1, https://goo.gl/fbAQLP

exports[`RadioGroup test render RadioGroup component 1`] = `
<DocumentFragment>
  <div
    class="radio-group__container"
    data-testid="radio-group"
  >
    <label
      class="radio-group__label css-6sc5xn-GroupLabelStyle"
    >
      Gender
    </label>
    <div
      class="radio-group__control css-19gs4bv-GroupControlVertical"
    >
      <label
        class="css-5rvwsk-RadioWrapper e1jw82t61"
      >
        <span
          class="radio-input"
        >
          <input
            checked=""
            class="css-1ayomz5-StyledInput-inputActive e1jw82t60"
            name="female"
            type="radio"
            value="female"
          />
        </span>
        <span
          class="radio-label css-1wlzwar-labelStyle"
        >
          Female
        </span>
      </label>
      <label
        class="css-5rvwsk-RadioWrapper e1jw82t61"
      >
        <span
          class="radio-input"
        >
          <input
            class="css-1ayomz5-StyledInput-inputActive e1jw82t60"
            name="male"
            type="radio"
            value="male"
          />
        </span>
        <span
          class="radio-label css-1wlzwar-labelStyle"
        >
          Male
        </span>
      </label>
    </div>
  </div>
</DocumentFragment>
`;
