// Jest Snapshot v1, https://goo.gl/fbAQLP

exports[`Radio test render Radio component 1`] = `
<DocumentFragment>
  <label
    class="css-l0p67e-RadioWrapper examj981"
  >
    <span
      class="radio-input"
    >
      <input
        class="css-1ayomz5-StyledInput-inputActive examj980"
        name="test"
        type="radio"
      />
    </span>
    <span
      class="radio-label css-1wlzwar-labelStyle"
    >
      Test
    </span>
  </label>
</DocumentFragment>
`;
